[INFO] Scanning for projects...
[INFO] 
[INFO] -----------------------< com.grupo3:tienda-ropa >-----------------------
[INFO] Building tienda-ropa 0.0.1-SNAPSHOT
[INFO]   from pom.xml
[INFO] --------------------------------[ jar ]---------------------------------
[INFO] 
[INFO] >>> spring-boot:4.1.0:run (default-cli) > test-compile @ tienda-ropa >>>
[INFO] 
[INFO] --- resources:3.5.0:resources (default-resources) @ tienda-ropa ---
[INFO] Copying 1 resource from src/main/resources to target/classes
[INFO] Copying 0 resource from src/main/resources to target/classes
[INFO] 
[INFO] --- compiler:3.15.0:compile (default-compile) @ tienda-ropa ---
[INFO] Nothing to compile - all classes are up to date.
[INFO] 
[INFO] --- resources:3.5.0:testResources (default-testResources) @ tienda-ropa ---
[INFO] skip non existing resourceDirectory /home/geralve/Documentos/proyects/tienda-ropa/tienda-ropa/src/test/resources
[INFO] 
[INFO] --- compiler:3.15.0:testCompile (default-testCompile) @ tienda-ropa ---
[INFO] Nothing to compile - all classes are up to date.
[INFO] 
[INFO] <<< spring-boot:4.1.0:run (default-cli) < test-compile @ tienda-ropa <<<
[INFO] 
[INFO] 
[INFO] --- spring-boot:4.1.0:run (default-cli) @ tienda-ropa ---
[INFO] Attaching agents: []

  .   ____          _            __ _ _
 /\\ / ___'_ __ _ _(_)_ __  __ _ \ \ \ \
( ( )\___ | '_ | '_| | '_ \/ _` | \ \ \ \
 \\/  ___)| |_)| | | | | || (_| |  ) ) ) )
  '  |____| .__|_| |_|_| |_\__, | / / / /
 =========|_|==============|___/=/_/_/_/

 :: Spring Boot ::                (v4.1.0)

2026-06-18T13:57:31.001-03:00  INFO 122087 --- [tienda-ropa] [           main] c.g.tienda_ropa.TiendaRopaApplication    : Starting TiendaRopaApplication using Java 25.0.3 with PID 122087 (/home/geralve/Documentos/proyects/tienda-ropa/tienda-ropa/target/classes started by geralve in /home/geralve/Documentos/proyects/tienda-ropa/tienda-ropa)
2026-06-18T13:57:31.003-03:00  INFO 122087 --- [tienda-ropa] [           main] c.g.tienda_ropa.TiendaRopaApplication    : No active profile set, falling back to 1 default profile: "default"
2026-06-18T13:57:31.372-03:00  INFO 122087 --- [tienda-ropa] [           main] .s.d.r.c.RepositoryConfigurationDelegate : Bootstrapping Spring Data JPA repositories in DEFAULT mode.
2026-06-18T13:57:31.409-03:00  INFO 122087 --- [tienda-ropa] [           main] .s.d.r.c.RepositoryConfigurationDelegate : Finished Spring Data repository scanning in 31 ms. Found 4 JPA repository interfaces.
2026-06-18T13:57:31.698-03:00  INFO 122087 --- [tienda-ropa] [           main] o.s.boot.tomcat.TomcatWebServer          : Tomcat initialized with port 8080 (http)
2026-06-18T13:57:31.717-03:00  INFO 122087 --- [tienda-ropa] [           main] o.apache.catalina.core.StandardService   : Starting service [Tomcat]
2026-06-18T13:57:31.718-03:00  INFO 122087 --- [tienda-ropa] [           main] o.apache.catalina.core.StandardEngine    : Starting Servlet engine: [Apache Tomcat/11.0.22]
2026-06-18T13:57:31.740-03:00  INFO 122087 --- [tienda-ropa] [           main] b.w.c.s.WebApplicationContextInitializer : Root WebApplicationContext: initialization completed in 710 ms
2026-06-18T13:57:31.852-03:00  INFO 122087 --- [tienda-ropa] [           main] org.hibernate.orm.jpa                    : HHH008540: Processing PersistenceUnitInfo [name: default]
2026-06-18T13:57:31.876-03:00  INFO 122087 --- [tienda-ropa] [           main] org.hibernate.orm.core                   : HHH000001: Hibernate ORM core version 7.4.1.Final
2026-06-18T13:57:32.107-03:00  INFO 122087 --- [tienda-ropa] [           main] o.s.o.j.p.SpringPersistenceUnitInfo      : No LoadTimeWeaver setup: ignoring JPA class transformer
2026-06-18T13:57:32.124-03:00  INFO 122087 --- [tienda-ropa] [           main] com.zaxxer.hikari.HikariDataSource       : HikariPool-1 - Starting...
2026-06-18T13:57:37.226-03:00  INFO 122087 --- [tienda-ropa] [           main] com.zaxxer.hikari.pool.HikariPool        : HikariPool-1 - Added connection org.postgresql.jdbc.PgConnection@3f122cdc
2026-06-18T13:57:37.227-03:00  INFO 122087 --- [tienda-ropa] [           main] com.zaxxer.hikari.HikariDataSource       : HikariPool-1 - Start completed.
2026-06-18T13:57:40.170-03:00  INFO 122087 --- [tienda-ropa] [           main] org.hibernate.orm.connections.pooling    : HHH10001005: Database info:
	Database JDBC URL [jdbc:postgresql://aws-1-us-east-2.pooler.supabase.com:6543/postgres?sslmode=require&prepareThreshold=0]
	Database driver: PostgreSQL JDBC Driver
	Database dialect: PostgreSQLDialect
	Database version: 17.6
	Default catalog/schema: postgres/public
	Autocommit mode: undefined/unknown
	Isolation level: READ_COMMITTED [default READ_COMMITTED]
	JDBC fetch size: none
	Pool: DataSourceConnectionProvider
	Minimum pool size: undefined/unknown
	Maximum pool size: undefined/unknown
2026-06-18T13:57:40.821-03:00  INFO 122087 --- [tienda-ropa] [           main] org.hibernate.orm.core                   : HHH000489: No JTA platform available (set 'hibernate.transaction.jta.platform' to enable JTA platform integration)
2026-06-18T13:57:43.581-03:00  INFO 122087 --- [tienda-ropa] [           main] j.LocalContainerEntityManagerFactoryBean : Initialized JPA EntityManagerFactory for persistence unit 'default'
2026-06-18T13:57:43.618-03:00  INFO 122087 --- [tienda-ropa] [           main] o.s.d.j.r.query.QueryEnhancerFactories   : Hibernate is in classpath; If applicable, HQL parser will be used.
2026-06-18T13:57:44.300-03:00  INFO 122087 --- [tienda-ropa] [           main] eAuthenticationProviderManagerConfigurer : Global AuthenticationManager configured with AuthenticationProvider bean with name authenticationProvider
2026-06-18T13:57:44.300-03:00  WARN 122087 --- [tienda-ropa] [           main] r$InitializeUserDetailsManagerConfigurer : Global AuthenticationManager configured with an AuthenticationProvider bean. UserDetailsService beans will not be used by Spring Security for automatically configuring username/password login. Consider removing the AuthenticationProvider bean. Alternatively, consider using the UserDetailsService in a manually instantiated DaoAuthenticationProvider. If the current configuration is intentional, to turn off this warning, increase the logging level of 'org.springframework.security.config.annotation.authentication.configuration.InitializeUserDetailsBeanManagerConfigurer' to ERROR
2026-06-18T13:57:44.325-03:00  WARN 122087 --- [tienda-ropa] [           main] JpaBaseConfiguration$JpaWebConfiguration : spring.jpa.open-in-view is enabled by default. Therefore, database queries may be performed during view rendering. Explicitly configure spring.jpa.open-in-view to disable this warning
2026-06-18T13:57:44.590-03:00  INFO 122087 --- [tienda-ropa] [           main] o.s.boot.tomcat.TomcatWebServer          : Tomcat started on port 8080 (http) with context path '/'
2026-06-18T13:57:44.593-03:00  INFO 122087 --- [tienda-ropa] [           main] c.g.tienda_ropa.TiendaRopaApplication    : Started TiendaRopaApplication in 13.816 seconds (process running for 14.012)
Hibernate: 
    select
        count(*) 
    from
        categorias c1_0
Hibernate: 
    select
        count(*) 
    from
        usuarios u1_0
